// Jest Snapshot v1, https://goo.gl/fbAQLP

exports[`Realinar una foto de <CounterAPP/> Debe de hacer match con el snaphot 1`] = `
<div>
  <h1>
    CounterApp
  </h1>
  <h2>
    100
  </h2>
  <button>
    +1
  </button>
  <button>
    -1
  </button>
  <button
    aria-label="btn-resert"
  >
    Reset
  </button>
</div>
`;
