// Jest Snapshot v1, https://goo.gl/fbAQLP

exports[`Pruebas en <FirstApp /> debe de hacer march con el snapshot 1`] = `
<div>
  <h1>
    Hola
  </h1>
  <p>
    Nombre: Leonardo
  </p>
  <p>
    Apellido: Borja
  </p>
  <p>
    06/04/2000
  </p>
  <p>
    Hola
  </p>
  <p>
    Con edad: 
    18
  </p>
</div>
`;
